python : 2025-11-03 22:41:52,811 | INFO | src.memory | M�dulo de mem�ria carregado - vers�o 1.0.0
At line:1 char:1
+ python test_nfe_with_data.py > test_output.txt 2>&1; Get-Content test ...
+ ~~~~~~~~~~~~~~~~~~~~~~~~~~~~~~~~~~~~~~~~~~~~~~~~~~~
    + CategoryInfo          : NotSpecified: (2025-11-03 22:4... - vers�o 1.0.0:String) [], RemoteException
    + FullyQualifiedErrorId : NativeCommandError
 
======================================================================
Traceback (most recent call last):
  File "C:\Users\rsant\OneDrive\Documentos\Projects\agentnfe-backend\test_nfe_with_data.py", line 314, in <module>
    main()
    ~~~~^^
  File "C:\Users\rsant\OneDrive\Documentos\Projects\agentnfe-backend\test_nfe_with_data.py", line 277, in main
    print("\U0001f680 TESTE DO AGENTE NFE COM DADOS REAIS")
    ~~~~~^^^^^^^^^^^^^^^^^^^^^^^^^^^^^^^^^^^^^^^^^^
  File "C:\Users\rsant\AppData\Local\Programs\Python\Python313\Lib\encodings\cp1252.py", line 19, in encode
    return codecs.charmap_encode(input,self.errors,encoding_table)[0]
           ~~~~~~~~~~~~~~~~~~~~~^^^^^^^^^^^^^^^^^^^^^^^^^^^^^^^^^^
UnicodeEncodeError: 'charmap' codec can't encode character '\U0001f680' in position 0: character maps to <undefined>
